
----------------------------------------------------------------------
Ran 0 tests in 0.000s

NO TESTS RAN
Found 0 test(s).
System check identified no issues (0 silenced).
